"","x"
"572",0
"5601",0
"5291",0
"2065",0
"6416",0
"815",1
"8440",0
"5609",0
"5063",1
"369",0
"2932",0
"25",0
"1399",0
"5594",0
"6655",4
"5595",0
"208",0
"5599",0
"6198",0
"5602",3
"2549",5
"867",0
"1027",0
"1839",0
"868",0
"6654",0
"10000",0
"8503",1
"5290",1
"5335",0
"1026",1
"6776",1
"2002",1
"5605",0
"25759",0
"10298",0
"5894",2
"3845",0
"4609",1
"2064",0
"207",0
"27",1
"817",0
"5295",1
"1956",0
"53358",1
"818",0
"5058",0
"5578",0
"3084",1
"673",0
"4690",0
"6464",0
"1398",0
"5604",1
"5747",0
"145957",0
"5293",1
"6777",1
"3265",3
"685",1
"6199",0
"3725",1
"2885",0
"5062",0
"399694",1
"1978",0
"6714",0
"5336",2
"2475",1
"4893",0
